******************************************************************************
                  TI ARM Linker PC v16.9.6                     
******************************************************************************
>> Linked Wed Jun 27 13:37:24 2018

OUTPUT FILE NAME:   <lab9.out>
ENTRY POINT SYMBOL: "_c_int00"  address: 00003a41


MEMORY CONFIGURATION

         name            origin    length      used     unused   attr    fill
----------------------  --------  ---------  --------  --------  ----  --------
  FLASH                 00000000   00040000  00004010  0003bff0  R  X
  SRAM                  20000000   00008000  00001303  00006cfd  RW X


SEGMENT ALLOCATION MAP

run origin  load origin   length   init length attrs members
----------  ----------- ---------- ----------- ----- -------
00000000    00000000    00004018   00004018    r-x
  00000000    00000000    0000026c   0000026c    r-- .intvecs
  0000026c    0000026c    00003bba   00003bba    r-x .text
  00003e28    00003e28    00000192   00000192    r-- .const
  00003fc0    00003fc0    00000058   00000058    r-- .cinit
20000000    20000000    00001309   00000000    rw-
  20000000    20000000    0000026c   00000000    rw- .vtable
  2000026c    2000026c    00001000   00000000    rw- .stack
  2000126c    2000126c    0000005e   00000000    rw- .bss
  200012d0    200012d0    00000039   00000000    rw- .data


SECTION ALLOCATION MAP

 output                                  attributes/
section   page    origin      length       input sections
--------  ----  ----------  ----------   ----------------
.intvecs   0    00000000    0000026c     
                  00000000    0000026c     tm4c123gh6pm_startup_ccs.obj (.intvecs)

.text      0    0000026c    00003bba     
                  0000026c    0000113e     rtsv7M4_T_le_v4SPD16_eabi.lib : _printfi.obj (.text)
                  000013aa    00000002                                   : mpu_init.obj (.text)
                  000013ac    000009ac                                   : e_pow.obj (.text)
                  00001d58    0000037c     uart.obj (.text)
                  000020d4    00000304     main.obj (.text)
                  000023d8    000002ec     lcd.obj (.text)
                  000026c4    00000244     ping.obj (.text)
                  00002908    000001f4     rtsv7M4_T_le_v4SPD16_eabi.lib : ull_div_t2.obj (.text)
                  00002afc    000001b6                                   : fd_add_t2.obj (.text)
                  00002cb2    00000002                                   : startup.obj (.text)
                  00002cb4    00000170                                   : e_sqrt.obj (.text)
                  00002e24    00000158     timer.obj (.text)
                  00002f7c    00000136     rtsv7M4_T_le_v4SPD16_eabi.lib : fd_div_t2.obj (.text)
                  000030b2    00000002     --HOLE-- [fill = 0]
                  000030b4    00000124     button.obj (.text)
                  000031d8    00000120     servo.obj (.text)
                  000032f8    00000108     adc.obj (.text)
                  00003400    000000fc     rtsv7M4_T_le_v4SPD16_eabi.lib : fd_mul_t2.obj (.text)
                  000034fc    000000fc                                   : s_scalbn.obj (.text)
                  000035f8    0000009c                                   : memcpy_t2.obj (.text)
                  00003694    00000088                                   : vsnprintf.obj (.text)
                  0000371c    00000086                                   : fd_cmp_t2.obj (.text:__aeabi_cdcmple)
                  000037a2    00000086                                   : fd_cmp_t2.obj (.text:__aeabi_cdrcmple)
                  00003828    0000007a                                   : memset_t2.obj (.text)
                  000038a2    00000002     --HOLE-- [fill = 0]
                  000038a4    00000070                                   : autoinit.obj (.text)
                  00003914    00000068                                   : copy_decompress_lzss.obj (.text:decompress:lzss)
                  0000397c    00000064                                   : s_frexp.obj (.text)
                  000039e0    00000060                                   : sprintf.obj (.text)
                  00003a40    00000054                                   : boot.obj (.text)
                  00003a94    00000054                                   : exit.obj (.text)
                  00003ae8    00000054                                   : ltoa.obj (.text)
                  00003b3c    0000004c                                   : atoi.obj (.text)
                  00003b88    0000004c                                   : cpy_tbl.obj (.text)
                  00003bd4    00000048                                   : fd_toi_t2.obj (.text)
                  00003c1c    00000044                                   : fd_tou_t2.obj (.text)
                  00003c60    00000038                                   : fs_tod_t2.obj (.text)
                  00003c98    00000034     driverlib.lib : interrupt.obj (.text:IntRegister)
                  00003ccc    0000002e     rtsv7M4_T_le_v4SPD16_eabi.lib : i_tofd_t2.obj (.text)
                  00003cfa    00000020                                   : u_tofd_t2.obj (.text)
                  00003d1a    0000001c                                   : memccpy.obj (.text)
                  00003d36    00000002     --HOLE-- [fill = 0]
                  00003d38    00000018                                   : args_main.obj (.text)
                  00003d50    00000018                                   : strcmp.obj (.text)
                  00003d68    00000016                                   : strchr.obj (.text)
                  00003d7e    00000002     --HOLE-- [fill = 0]
                  00003d80    00000014                                   : _lock.obj (.text)
                  00003d94    00000014                                   : s_copysign.obj (.text)
                  00003da8    00000014                                   : strcpy.obj (.text)
                  00003dbc    00000014                                   : strlen.obj (.text)
                  00003dd0    00000010     driverlib.lib : interrupt.obj (.text:IntMasterEnable)
                  00003de0    00000010     lcd.obj (.text:lcd_clear)
                  00003df0    0000000e     rtsv7M4_T_le_v4SPD16_eabi.lib : copy_decompress_none.obj (.text:decompress:none)
                  00003dfe    0000000c     driverlib.lib : cpu.obj (.text:CPUcpsie)
                  00003e0a    0000000c     rtsv7M4_T_le_v4SPD16_eabi.lib : copy_zero_init.obj (.text:decompress:ZI)
                  00003e16    0000000c     tm4c123gh6pm_startup_ccs.obj (.text)
                  00003e22    00000004     rtsv7M4_T_le_v4SPD16_eabi.lib : pre_init.obj (.text)

.const     0    00003e28    00000192     
                  00003e28    00000101     rtsv7M4_T_le_v4SPD16_eabi.lib : ctype.obj (.const:.string:_ctypes_)
                  00003f29    00000005     uart.obj (.const:.string:$P$T2$3)
                  00003f2e    00000002     --HOLE-- [fill = 0]
                  00003f30    00000030     rtsv7M4_T_le_v4SPD16_eabi.lib : e_pow.obj (.const:$O1$$)
                  00003f60    0000001a     uart.obj (.const:.string:$P$T3$4)
                  00003f7a    00000019     uart.obj (.const:.string:$P$T0$1)
                  00003f93    00000018     uart.obj (.const:.string:$P$T1$2)
                  00003fab    00000004     uart.obj (.const:.string:$P$T5$6)
                  00003faf    00000004     lcd.obj (.const:.string:lineAddress$1)
                  00003fb3    00000004     lcd.obj (.const:.string:lineAddresses$2)
                  00003fb7    00000003     uart.obj (.const:.string:$P$T4$5)

.cinit     0    00003fc0    00000058     
                  00003fc0    0000001f     (.cinit..data.load) [load image, compression = lzss]
                  00003fdf    00000001     --HOLE-- [fill = 0]
                  00003fe0    0000000c     (__TI_handler_table)
                  00003fec    00000004     --HOLE-- [fill = 0]
                  00003ff0    00000008     (.cinit..bss.load) [load image, compression = zero_init]
                  00003ff8    00000008     (.cinit..vtable.load) [load image, compression = zero_init]
                  00004000    00000018     (__TI_cinit_table)

.init_array 
*          0    00000000    00000000     UNINITIALIZED

.vtable    0    20000000    0000026c     UNINITIALIZED
                  20000000    0000026c     driverlib.lib : interrupt.obj (.vtable)

.stack     0    2000026c    00001000     UNINITIALIZED
                  2000026c    00001000     --HOLE--

.bss       0    2000126c    0000005e     UNINITIALIZED
                  2000126c    00000054     lcd.obj (.bss:lastbuffer$3)
                  200012c0    00000004     (.common:falling_time)
                  200012c4    00000004     (.common:rising_time)
                  200012c8    00000001     (.common:_prevButton)
                  200012c9    00000001     (.common:state)

.data      0    200012d0    00000039     UNINITIALIZED
                  200012d0    00000010     ping.obj (.data)
                  200012e0    0000000c     rtsv7M4_T_le_v4SPD16_eabi.lib : exit.obj (.data:$O1$$)
                  200012ec    00000004                                   : errno.obj (.data)
                  200012f0    0000000c     servo.obj (.data)
                  200012fc    00000008     rtsv7M4_T_le_v4SPD16_eabi.lib : _lock.obj (.data:$O1$$)
                  20001304    00000004                                   : stkdepth_vars.obj (.data)
                  20001308    00000001     button.obj (.data)

MODULE SUMMARY

       Module                         code    ro data   rw data
       ------                         ----    -------   -------
    .\
       uart.obj                       892     87        0      
       lcd.obj                        764     8         84     
       main.obj                       772     0         0      
       tm4c123gh6pm_startup_ccs.obj   12      620       0      
       ping.obj                       580     0         25     
       timer.obj                      344     0         0      
       servo.obj                      288     0         12     
       button.obj                     292     0         2      
       adc.obj                        264     0         0      
    +--+------------------------------+-------+---------+---------+
       Total:                         4208    715       123    
                                                               
    C:/ti/TivaWare_C_Series-2.1.2.111/driverlib/ccs/Debug/driverlib.lib
       interrupt.obj                  68      0         620    
       cpu.obj                        12      0         0      
    +--+------------------------------+-------+---------+---------+
       Total:                         80      0         620    
                                                               
    C:\ti\ccsv7\tools\compiler\ti-cgt-arm_16.9.6.LTS\lib\rtsv7M4_T_le_v4SPD16_eabi.lib
       _printfi.obj                   4414    0         0      
       e_pow.obj                      2476    48        0      
       ull_div_t2.obj                 500     0         0      
       fd_add_t2.obj                  438     0         0      
       e_sqrt.obj                     368     0         0      
       fd_div_t2.obj                  310     0         0      
       fd_cmp_t2.obj                  268     0         0      
       ctype.obj                      0       257       0      
       fd_mul_t2.obj                  252     0         0      
       s_scalbn.obj                   252     0         0      
       memcpy_t2.obj                  156     0         0      
       vsnprintf.obj                  136     0         0      
       memset_t2.obj                  122     0         0      
       autoinit.obj                   112     0         0      
       copy_decompress_lzss.obj       104     0         0      
       s_frexp.obj                    100     0         0      
       exit.obj                       84      0         12     
       sprintf.obj                    96      0         0      
       boot.obj                       84      0         0      
       ltoa.obj                       84      0         0      
       atoi.obj                       76      0         0      
       cpy_tbl.obj                    76      0         0      
       fd_toi_t2.obj                  72      0         0      
       fd_tou_t2.obj                  68      0         0      
       fs_tod_t2.obj                  56      0         0      
       i_tofd_t2.obj                  46      0         0      
       u_tofd_t2.obj                  32      0         0      
       _lock.obj                      20      0         8      
       memccpy.obj                    28      0         0      
       args_main.obj                  24      0         0      
       strcmp.obj                     24      0         0      
       strchr.obj                     22      0         0      
       s_copysign.obj                 20      0         0      
       strcpy.obj                     20      0         0      
       strlen.obj                     20      0         0      
       copy_decompress_none.obj       14      0         0      
       copy_zero_init.obj             12      0         0      
       errno.obj                      0       0         4      
       pre_init.obj                   4       0         0      
       stkdepth_vars.obj              0       0         4      
       mpu_init.obj                   2       0         0      
       startup.obj                    2       0         0      
    +--+------------------------------+-------+---------+---------+
       Total:                         10994   305       28     
                                                               
       Stack:                         0       0         4096   
       Linker Generated:              0       83        0      
    +--+------------------------------+-------+---------+---------+
       Grand Total:                   15282   1103      4867   


LINKER GENERATED COPY TABLES

__TI_cinit_table @ 00004000 records: 3, size/record: 8, table size: 24
	.data: load addr=00003fc0, load size=0000001f bytes, run addr=200012d0, run size=00000039 bytes, compression=lzss
	.bss: load addr=00003ff0, load size=00000008 bytes, run addr=2000126c, run size=0000005e bytes, compression=zero_init
	.vtable: load addr=00003ff8, load size=00000008 bytes, run addr=20000000, run size=0000026c bytes, compression=zero_init


LINKER GENERATED HANDLER TABLE

__TI_handler_table @ 00003fe0 records: 3, size/record: 4, table size: 12
	index: 0, handler: __TI_zero_init
	index: 1, handler: __TI_decompress_lzss
	index: 2, handler: __TI_decompress_none


GLOBAL SYMBOLS: SORTED ALPHABETICALLY BY Name 

address   name                           
-------   ----                           
0000336b  ADC_read                       
00003a95  C$$EXIT                        
00003dff  CPUcpsie                       
00003dd1  IntMasterEnable                
00003c99  IntRegister                    
000031d9  PWM_init                       
00003e17  ResetISR                       
UNDEFED   SHT$$INIT_ARRAY$$Base          
UNDEFED   SHT$$INIT_ARRAY$$Limit         
000027a7  TIMER1A_Handler                
000026c5  TIMER3B_Handler                
2000126c  __STACK_END                    
00001000  __STACK_SIZE                   
2000046c  __STACK_TOP                    
00004000  __TI_CINIT_Base                
00004018  __TI_CINIT_Limit               
00003fe0  __TI_Handler_Table_Base        
00003fec  __TI_Handler_Table_Limit       
000038a5  __TI_auto_init                 
200012e0  __TI_cleanup_ptr               
00003915  __TI_decompress_lzss           
00003df1  __TI_decompress_none           
200012e4  __TI_dtors_ptr                 
200012e8  __TI_enable_exit_profile_output
ffffffff  __TI_pprof_out_hndl            
00000ab1  __TI_printfi                   
ffffffff  __TI_prof_data_size            
ffffffff  __TI_prof_data_start           
00000000  __TI_static_base__             
00003e0b  __TI_zero_init                 
0000371d  __aeabi_cdcmpeq                
0000371d  __aeabi_cdcmple                
000037a3  __aeabi_cdrcmple               
00003bd5  __aeabi_d2iz                   
00003c1d  __aeabi_d2uiz                  
00002b07  __aeabi_dadd                   
00002f7d  __aeabi_ddiv                   
00003401  __aeabi_dmul                   
00002afd  __aeabi_dsub                   
00003c61  __aeabi_f2d                    
00003ccd  __aeabi_i2d                    
00003829  __aeabi_memclr                 
00003829  __aeabi_memclr4                
00003829  __aeabi_memclr8                
000035f9  __aeabi_memcpy                 
000035f9  __aeabi_memcpy4                
000035f9  __aeabi_memcpy8                
0000382b  __aeabi_memset                 
0000382b  __aeabi_memset4                
0000382b  __aeabi_memset8                
00003cfb  __aeabi_ui2d                   
00002909  __aeabi_uldivmod               
ffffffff  __binit__                      
ffffffff  __c_args__                     
000013ab  __mpu_init                     
2000026c  __stack                        
00003d39  _args_main                     
00003a41  _c_int00                       
00003e28  _ctypes_                       
200012fc  _lock                          
00003d8f  _nop                           
200012c8  _prevButton                    
00003d87  _register_lock                 
00003d81  _register_unlock               
00002cb3  _system_post_cinit             
00003e23  _system_pre_init               
20001300  _unlock                        
00003a99  abort                          
00003b3d  atoi                           
ffffffff  binit                          
000030df  button_checkButtons            
000030e9  button_getButton               
00003143  button_getButtonBlocking       
00003157  button_getButtonChange         
00003181  button_getButtonChangeBlocking 
00003197  button_getButtonOnce           
000030b5  button_init                    
00003b89  copy_in                        
00003d95  copysign                       
00003d95  copysignl                      
200012d8  current_time                   
200012ec  errno                          
00003aa1  exit                           
200012c0  falling_time                   
0000397d  frexp                          
0000397d  frexpl                         
20000000  g_pfnRAMVectors                
00000000  g_pfnVectors                   
00003389  getIRAverage                   
000032f9  init_ADC                       
200012d4  last_time                      
00003de1  lcd_clear                      
00002571  lcd_gotoLine                   
000023d9  lcd_init                       
000025d7  lcd_printf                     
00002499  lcd_putc                       
000024d1  lcd_puts                       
000024ef  lcd_sendCommand                
0000252d  lcd_sendNibble                 
00002599  lcd_setCursorPos               
000034fd  ldexp                          
000034fd  ldexpl                         
00003ae9  ltoa                           
000020d5  main                           
20001304  main_func_sp                   
00003d1b  memccpy                        
000035f9  memcpy                         
00003831  memset                         
200012f0  modifier                       
200012d0  overflow                       
00002709  ping_init                      
00002815  ping_read                      
000013ad  pow                            
000013ad  powl                           
200012c4  rising_time                    
000034fd  scalbn                         
000034fd  scalbnl                        
000027bf  send_pulse                     
000039e1  sprintf                        
00002cb5  sqrt                           
00002cb5  sqrtl                          
200012f8  start                          
200012c9  state                          
00003d69  strchr                         
00003d51  strcmp                         
00003da9  strcpy                         
00003dbd  strlen                         
00002863  time2dist                      
00002f35  timer_getClock                 
00002ee9  timer_startClock               
00002e83  timer_startTimer               
00002f3b  timer_stopClock                
00002ed3  timer_stopTimer                
00002e59  timer_waitMicros               
00002e25  timer_waitMillis               
0000325d  turn_servo                     
00001d59  uart_init                      
00001e23  uart_receive                   
00001dfd  uart_receive2                  
00001de1  uart_sendChar                  
00002055  uart_sendString                
200012dc  update_flag                    
00003695  vsnprintf                      


GLOBAL SYMBOLS: SORTED BY Symbol Address 

address   name                           
-------   ----                           
00000000  __TI_static_base__             
00000000  g_pfnVectors                   
00000ab1  __TI_printfi                   
00001000  __STACK_SIZE                   
000013ab  __mpu_init                     
000013ad  pow                            
000013ad  powl                           
00001d59  uart_init                      
00001de1  uart_sendChar                  
00001dfd  uart_receive2                  
00001e23  uart_receive                   
00002055  uart_sendString                
000020d5  main                           
000023d9  lcd_init                       
00002499  lcd_putc                       
000024d1  lcd_puts                       
000024ef  lcd_sendCommand                
0000252d  lcd_sendNibble                 
00002571  lcd_gotoLine                   
00002599  lcd_setCursorPos               
000025d7  lcd_printf                     
000026c5  TIMER3B_Handler                
00002709  ping_init                      
000027a7  TIMER1A_Handler                
000027bf  send_pulse                     
00002815  ping_read                      
00002863  time2dist                      
00002909  __aeabi_uldivmod               
00002afd  __aeabi_dsub                   
00002b07  __aeabi_dadd                   
00002cb3  _system_post_cinit             
00002cb5  sqrt                           
00002cb5  sqrtl                          
00002e25  timer_waitMillis               
00002e59  timer_waitMicros               
00002e83  timer_startTimer               
00002ed3  timer_stopTimer                
00002ee9  timer_startClock               
00002f35  timer_getClock                 
00002f3b  timer_stopClock                
00002f7d  __aeabi_ddiv                   
000030b5  button_init                    
000030df  button_checkButtons            
000030e9  button_getButton               
00003143  button_getButtonBlocking       
00003157  button_getButtonChange         
00003181  button_getButtonChangeBlocking 
00003197  button_getButtonOnce           
000031d9  PWM_init                       
0000325d  turn_servo                     
000032f9  init_ADC                       
0000336b  ADC_read                       
00003389  getIRAverage                   
00003401  __aeabi_dmul                   
000034fd  ldexp                          
000034fd  ldexpl                         
000034fd  scalbn                         
000034fd  scalbnl                        
000035f9  __aeabi_memcpy                 
000035f9  __aeabi_memcpy4                
000035f9  __aeabi_memcpy8                
000035f9  memcpy                         
00003695  vsnprintf                      
0000371d  __aeabi_cdcmpeq                
0000371d  __aeabi_cdcmple                
000037a3  __aeabi_cdrcmple               
00003829  __aeabi_memclr                 
00003829  __aeabi_memclr4                
00003829  __aeabi_memclr8                
0000382b  __aeabi_memset                 
0000382b  __aeabi_memset4                
0000382b  __aeabi_memset8                
00003831  memset                         
000038a5  __TI_auto_init                 
00003915  __TI_decompress_lzss           
0000397d  frexp                          
0000397d  frexpl                         
000039e1  sprintf                        
00003a41  _c_int00                       
00003a95  C$$EXIT                        
00003a99  abort                          
00003aa1  exit                           
00003ae9  ltoa                           
00003b3d  atoi                           
00003b89  copy_in                        
00003bd5  __aeabi_d2iz                   
00003c1d  __aeabi_d2uiz                  
00003c61  __aeabi_f2d                    
00003c99  IntRegister                    
00003ccd  __aeabi_i2d                    
00003cfb  __aeabi_ui2d                   
00003d1b  memccpy                        
00003d39  _args_main                     
00003d51  strcmp                         
00003d69  strchr                         
00003d81  _register_unlock               
00003d87  _register_lock                 
00003d8f  _nop                           
00003d95  copysign                       
00003d95  copysignl                      
00003da9  strcpy                         
00003dbd  strlen                         
00003dd1  IntMasterEnable                
00003de1  lcd_clear                      
00003df1  __TI_decompress_none           
00003dff  CPUcpsie                       
00003e0b  __TI_zero_init                 
00003e17  ResetISR                       
00003e23  _system_pre_init               
00003e28  _ctypes_                       
00003fe0  __TI_Handler_Table_Base        
00003fec  __TI_Handler_Table_Limit       
00004000  __TI_CINIT_Base                
00004018  __TI_CINIT_Limit               
20000000  g_pfnRAMVectors                
2000026c  __stack                        
2000046c  __STACK_TOP                    
2000126c  __STACK_END                    
200012c0  falling_time                   
200012c4  rising_time                    
200012c8  _prevButton                    
200012c9  state                          
200012d0  overflow                       
200012d4  last_time                      
200012d8  current_time                   
200012dc  update_flag                    
200012e0  __TI_cleanup_ptr               
200012e4  __TI_dtors_ptr                 
200012e8  __TI_enable_exit_profile_output
200012ec  errno                          
200012f0  modifier                       
200012f8  start                          
200012fc  _lock                          
20001300  _unlock                        
20001304  main_func_sp                   
ffffffff  __TI_pprof_out_hndl            
ffffffff  __TI_prof_data_size            
ffffffff  __TI_prof_data_start           
ffffffff  __binit__                      
ffffffff  __c_args__                     
ffffffff  binit                          
UNDEFED   SHT$$INIT_ARRAY$$Base          
UNDEFED   SHT$$INIT_ARRAY$$Limit         

[143 symbols]
