******************************************************************************
                  TI ARM Linker PC v16.9.6                     
******************************************************************************
>> Linked Sun Jul 01 19:27:25 2018

OUTPUT FILE NAME:   <lab2.out>
ENTRY POINT SYMBOL: "_c_int00"  address: 00001b5d


MEMORY CONFIGURATION

         name            origin    length      used     unused   attr    fill
----------------------  --------  ---------  --------  --------  ----  --------
  FLASH                 00000000   00040000  00001dfd  0003e203  R  X
  SRAM                  20000000   00008000  00000eb8  00007148  RW X


SEGMENT ALLOCATION MAP

run origin  load origin   length   init length attrs members
----------  ----------- ---------- ----------- ----- -------
00000000    00000000    00001e00   00001e00    r-x
  00000000    00000000    0000026c   0000026c    r-- .intvecs
  0000026c    0000026c    00001b32   00001b32    r-x .text
  00001d9e    00001d9e    0000000f   0000000f    r-- .const
  00001db0    00001db0    00000050   00000050    r-- .cinit
20000000    20000000    00000ebc   00000000    rw-
  20000000    20000000    0000026c   00000000    rw- .vtable
  20000270    20000270    00000800   00000000    rw- .sysmem
  20000a70    20000a70    00000400   00000000    rw- .stack
  20000e70    20000e70    00000034   00000000    rw- .data
  20000ea4    20000ea4    00000018   00000000    rw- .bss


SECTION ALLOCATION MAP

 output                                  attributes/
section   page    origin      length       input sections
--------  ----  ----------  ----------   ----------------
.intvecs   0    00000000    0000026c     
                  00000000    0000026c     tm4c123gh6pm_startup_ccs.obj (.intvecs)

.text      0    0000026c    00001b32     
                  0000026c    00000a84     open_interface.obj (.text)
                  00000cf0    000003d0     rtsv7M4_T_le_v4SPD16_eabi.lib : memory.obj (.text)
                  000010c0    0000024c     movement.obj (.text)
                  0000130c    000001b6     rtsv7M4_T_le_v4SPD16_eabi.lib : fd_add_t2.obj (.text)
                  000014c2    00000002                                   : mpu_init.obj (.text)
                  000014c4    00000158     timer.obj (.text)
                  0000161c    00000136     rtsv7M4_T_le_v4SPD16_eabi.lib : fd_div_t2.obj (.text)
                  00001752    000000fc                                   : fd_mul_t2.obj (.text)
                  0000184e    0000009c                                   : memcpy_t2.obj (.text)
                  000018ea    00000098     main.obj (.text)
                  00001982    00000086     rtsv7M4_T_le_v4SPD16_eabi.lib : fd_cmp_t2.obj (.text:__aeabi_cdcmple)
                  00001a08    0000007a                                   : memset_t2.obj (.text)
                  00001a82    00000002                                   : startup.obj (.text)
                  00001a84    00000070                                   : autoinit.obj (.text)
                  00001af4    00000068                                   : copy_decompress_lzss.obj (.text:decompress:lzss)
                  00001b5c    00000054                                   : boot.obj (.text)
                  00001bb0    00000054                                   : exit.obj (.text)
                  00001c04    0000004c                                   : cpy_tbl.obj (.text)
                  00001c50    00000048                                   : fd_toi_t2.obj (.text)
                  00001c98    00000034     driverlib.lib : interrupt.obj (.text:IntRegister)
                  00001ccc    0000002e     rtsv7M4_T_le_v4SPD16_eabi.lib : i_tofd_t2.obj (.text)
                  00001cfa    00000018     open_interface.obj (.text:oi_parseInt)
                  00001d12    00000002     --HOLE-- [fill = 0]
                  00001d14    00000018     rtsv7M4_T_le_v4SPD16_eabi.lib : args_main.obj (.text)
                  00001d2c    00000018                                   : strcmp.obj (.text)
                  00001d44    00000014                                   : _lock.obj (.text)
                  00001d58    00000010     driverlib.lib : interrupt.obj (.text:IntMasterEnable)
                  00001d68    0000000e     rtsv7M4_T_le_v4SPD16_eabi.lib : copy_decompress_none.obj (.text:decompress:none)
                  00001d76    0000000c     driverlib.lib : cpu.obj (.text:CPUcpsie)
                  00001d82    0000000c     rtsv7M4_T_le_v4SPD16_eabi.lib : copy_zero_init.obj (.text:decompress:ZI)
                  00001d8e    0000000c     tm4c123gh6pm_startup_ccs.obj (.text)
                  00001d9a    00000004     rtsv7M4_T_le_v4SPD16_eabi.lib : pre_init.obj (.text)

.const     0    00001d9e    0000000f     
                  00001d9e    0000000f     open_interface.obj (.const:.string:$P$T0$3)

.cinit     0    00001db0    00000050     
                  00001db0    0000001c     (.cinit..data.load) [load image, compression = lzss]
                  00001dcc    0000000c     (__TI_handler_table)
                  00001dd8    00000008     (.cinit..bss.load) [load image, compression = zero_init]
                  00001de0    00000008     (.cinit..vtable.load) [load image, compression = zero_init]
                  00001de8    00000018     (__TI_cinit_table)

.init_array 
*          0    00000000    00000000     UNINITIALIZED

.vtable    0    20000000    0000026c     UNINITIALIZED
                  20000000    0000026c     driverlib.lib : interrupt.obj (.vtable)

.sysmem    0    20000270    00000800     UNINITIALIZED
                  20000270    00000008     rtsv7M4_T_le_v4SPD16_eabi.lib : memory.obj (.sysmem)
                  20000278    000007f8     --HOLE--

.stack     0    20000a70    00000400     UNINITIALIZED
                  20000a70    00000400     --HOLE--

.data      0    20000e70    00000034     UNINITIALIZED
                  20000e70    00000010     open_interface.obj (.data)
                  20000e80    0000000c     rtsv7M4_T_le_v4SPD16_eabi.lib : exit.obj (.data:$O1$$)
                  20000e8c    0000000c                                   : memory.obj (.data:$O1$$)
                  20000e98    00000008                                   : _lock.obj (.data:$O1$$)
                  20000ea0    00000004                                   : stkdepth_vars.obj (.data)

.bss       0    20000ea4    00000018     UNINITIALIZED
                  20000ea4    00000018     open_interface.obj (.bss:firmware$2)

MODULE SUMMARY

       Module                         code   ro data   rw data
       ------                         ----   -------   -------
    .\
       open_interface.obj             2716   15        40     
       tm4c123gh6pm_startup_ccs.obj   12     620       0      
       movement.obj                   588    0         0      
       timer.obj                      344    0         0      
       main.obj                       152    0         0      
    +--+------------------------------+------+---------+---------+
       Total:                         3812   635       40     
                                                              
    C:/ti/TivaWare_C_Series-2.1.2.111/driverlib/ccs/Debug/driverlib.lib
       interrupt.obj                  68     0         620    
       cpu.obj                        12     0         0      
    +--+------------------------------+------+---------+---------+
       Total:                         80     0         620    
                                                              
    C:\ti\ccsv7\tools\compiler\ti-cgt-arm_16.9.6.LTS\lib\rtsv7M4_T_le_v4SPD16_eabi.lib
       memory.obj                     976    0         12     
       fd_add_t2.obj                  438    0         0      
       fd_div_t2.obj                  310    0         0      
       fd_mul_t2.obj                  252    0         0      
       memcpy_t2.obj                  156    0         0      
       fd_cmp_t2.obj                  134    0         0      
       memset_t2.obj                  122    0         0      
       autoinit.obj                   112    0         0      
       copy_decompress_lzss.obj       104    0         0      
       exit.obj                       84     0         12     
       boot.obj                       84     0         0      
       cpy_tbl.obj                    76     0         0      
       fd_toi_t2.obj                  72     0         0      
       i_tofd_t2.obj                  46     0         0      
       _lock.obj                      20     0         8      
       args_main.obj                  24     0         0      
       strcmp.obj                     24     0         0      
       copy_decompress_none.obj       14     0         0      
       copy_zero_init.obj             12     0         0      
       pre_init.obj                   4      0         0      
       stkdepth_vars.obj              0      0         4      
       mpu_init.obj                   2      0         0      
       startup.obj                    2      0         0      
    +--+------------------------------+------+---------+---------+
       Total:                         3068   0         36     
                                                              
       Heap:                          0      0         2048   
       Stack:                         0      0         1024   
       Linker Generated:              0      80        0      
    +--+------------------------------+------+---------+---------+
       Grand Total:                   6960   715       3768   


LINKER GENERATED COPY TABLES

__TI_cinit_table @ 00001de8 records: 3, size/record: 8, table size: 24
	.data: load addr=00001db0, load size=0000001c bytes, run addr=20000e70, run size=00000034 bytes, compression=lzss
	.bss: load addr=00001dd8, load size=00000008 bytes, run addr=20000ea4, run size=00000018 bytes, compression=zero_init
	.vtable: load addr=00001de0, load size=00000008 bytes, run addr=20000000, run size=0000026c bytes, compression=zero_init


LINKER GENERATED HANDLER TABLE

__TI_handler_table @ 00001dcc records: 3, size/record: 4, table size: 12
	index: 0, handler: __TI_zero_init
	index: 1, handler: __TI_decompress_lzss
	index: 2, handler: __TI_decompress_none


GLOBAL SYMBOLS: SORTED ALPHABETICALLY BY Name 

address   name                           
-------   ----                           
00001bb1  C$$EXIT                        
00001d77  CPUcpsie                       
00000b63  GPIOF_Handler                  
00001d59  IntMasterEnable                
00001c99  IntRegister                    
00001973  PART3                          
00001d8f  ResetISR                       
UNDEFED   SHT$$INIT_ARRAY$$Base          
UNDEFED   SHT$$INIT_ARRAY$$Limit         
20000e70  __STACK_END                    
00000400  __STACK_SIZE                   
20000c70  __STACK_TOP                    
00000800  __SYSMEM_SIZE                  
00001de8  __TI_CINIT_Base                
00001e00  __TI_CINIT_Limit               
00001dcc  __TI_Handler_Table_Base        
00001dd8  __TI_Handler_Table_Limit       
00001a85  __TI_auto_init                 
20000e80  __TI_cleanup_ptr               
00001af5  __TI_decompress_lzss           
00001d69  __TI_decompress_none           
20000e84  __TI_dtors_ptr                 
20000e88  __TI_enable_exit_profile_output
ffffffff  __TI_pprof_out_hndl            
ffffffff  __TI_prof_data_size            
ffffffff  __TI_prof_data_start           
00000000  __TI_static_base__             
00001d83  __TI_zero_init                 
00001983  __aeabi_cdcmpeq                
00001983  __aeabi_cdcmple                
00001c51  __aeabi_d2iz                   
00001317  __aeabi_dadd                   
0000161d  __aeabi_ddiv                   
00001753  __aeabi_dmul                   
0000130d  __aeabi_dsub                   
00001ccd  __aeabi_i2d                    
00001a09  __aeabi_memclr                 
00001a09  __aeabi_memclr4                
00001a09  __aeabi_memclr8                
0000184f  __aeabi_memcpy                 
0000184f  __aeabi_memcpy4                
0000184f  __aeabi_memcpy8                
00001a0b  __aeabi_memset                 
00001a0b  __aeabi_memset4                
00001a0b  __aeabi_memset8                
ffffffff  __binit__                      
ffffffff  __c_args__                     
000014c3  __mpu_init                     
20000a70  __stack                        
00001d15  _args_main                     
00001b5d  _c_int00                       
20000e98  _lock                          
00001d53  _nop                           
00001d4b  _register_lock                 
00001d45  _register_unlock               
20000270  _sys_memory                    
00001a83  _system_post_cinit             
00001d9b  _system_pre_init               
20000e9c  _unlock                        
00001bb5  abort                          
ffffffff  binit                          
00001091  calloc                         
0000195b  collisionTest                  
00001c05  copy_in                        
00001921  counterTurn                    
00001bbd  exit                           
00000ddb  free                           
20000000  g_pfnRAMVectors                
00000000  g_pfnVectors                   
00000b85  getDegrees                     
00000911  go_charge                      
0000197b  main                           
20000ea0  main_func_sp                   
00000d71  malloc                         
00000fa5  memalign                       
0000184f  memcpy                         
00001a11  memset                         
00000cf1  minit                          
000010c1  move_forward                   
000018eb  moveforward                    
0000026d  oi_alloc                       
00000a3b  oi_checkFirmware               
000002c3  oi_close                       
00000279  oi_free                        
000002ad  oi_init                        
00000289  oi_init_noupdate               
000008a7  oi_loadSong                    
00001cfb  oi_parseInt                    
00000327  oi_parsePacket                 
000008fd  oi_play_song                   
00000821  oi_setLeds                     
00000865  oi_setWheels                   
00000af1  oi_shutoff_init                
0000091f  oi_uartInit                    
000009c3  oi_uartReceive                 
00000a09  oi_uartSendBuff                
000009a7  oi_uartSendChar                
000009eb  oi_uartSendStr                 
000002d5  oi_update                      
000011f1  part3                          
00000e9b  realloc                        
0000193b  squareMovement                 
00001d2d  strcmp                         
000015d5  timer_getClock                 
00001589  timer_startClock               
00001523  timer_startTimer               
000015db  timer_stopClock                
00001573  timer_stopTimer                
000014f9  timer_waitMicros               
000014c5  timer_waitMillis               
00001909  turn                           
00001109  turn_clockwise                 


GLOBAL SYMBOLS: SORTED BY Symbol Address 

address   name                           
-------   ----                           
00000000  __TI_static_base__             
00000000  g_pfnVectors                   
0000026d  oi_alloc                       
00000279  oi_free                        
00000289  oi_init_noupdate               
000002ad  oi_init                        
000002c3  oi_close                       
000002d5  oi_update                      
00000327  oi_parsePacket                 
00000400  __STACK_SIZE                   
00000800  __SYSMEM_SIZE                  
00000821  oi_setLeds                     
00000865  oi_setWheels                   
000008a7  oi_loadSong                    
000008fd  oi_play_song                   
00000911  go_charge                      
0000091f  oi_uartInit                    
000009a7  oi_uartSendChar                
000009c3  oi_uartReceive                 
000009eb  oi_uartSendStr                 
00000a09  oi_uartSendBuff                
00000a3b  oi_checkFirmware               
00000af1  oi_shutoff_init                
00000b63  GPIOF_Handler                  
00000b85  getDegrees                     
00000cf1  minit                          
00000d71  malloc                         
00000ddb  free                           
00000e9b  realloc                        
00000fa5  memalign                       
00001091  calloc                         
000010c1  move_forward                   
00001109  turn_clockwise                 
000011f1  part3                          
0000130d  __aeabi_dsub                   
00001317  __aeabi_dadd                   
000014c3  __mpu_init                     
000014c5  timer_waitMillis               
000014f9  timer_waitMicros               
00001523  timer_startTimer               
00001573  timer_stopTimer                
00001589  timer_startClock               
000015d5  timer_getClock                 
000015db  timer_stopClock                
0000161d  __aeabi_ddiv                   
00001753  __aeabi_dmul                   
0000184f  __aeabi_memcpy                 
0000184f  __aeabi_memcpy4                
0000184f  __aeabi_memcpy8                
0000184f  memcpy                         
000018eb  moveforward                    
00001909  turn                           
00001921  counterTurn                    
0000193b  squareMovement                 
0000195b  collisionTest                  
00001973  PART3                          
0000197b  main                           
00001983  __aeabi_cdcmpeq                
00001983  __aeabi_cdcmple                
00001a09  __aeabi_memclr                 
00001a09  __aeabi_memclr4                
00001a09  __aeabi_memclr8                
00001a0b  __aeabi_memset                 
00001a0b  __aeabi_memset4                
00001a0b  __aeabi_memset8                
00001a11  memset                         
00001a83  _system_post_cinit             
00001a85  __TI_auto_init                 
00001af5  __TI_decompress_lzss           
00001b5d  _c_int00                       
00001bb1  C$$EXIT                        
00001bb5  abort                          
00001bbd  exit                           
00001c05  copy_in                        
00001c51  __aeabi_d2iz                   
00001c99  IntRegister                    
00001ccd  __aeabi_i2d                    
00001cfb  oi_parseInt                    
00001d15  _args_main                     
00001d2d  strcmp                         
00001d45  _register_unlock               
00001d4b  _register_lock                 
00001d53  _nop                           
00001d59  IntMasterEnable                
00001d69  __TI_decompress_none           
00001d77  CPUcpsie                       
00001d83  __TI_zero_init                 
00001d8f  ResetISR                       
00001d9b  _system_pre_init               
00001dcc  __TI_Handler_Table_Base        
00001dd8  __TI_Handler_Table_Limit       
00001de8  __TI_CINIT_Base                
00001e00  __TI_CINIT_Limit               
20000000  g_pfnRAMVectors                
20000270  _sys_memory                    
20000a70  __stack                        
20000c70  __STACK_TOP                    
20000e70  __STACK_END                    
20000e80  __TI_cleanup_ptr               
20000e84  __TI_dtors_ptr                 
20000e88  __TI_enable_exit_profile_output
20000e98  _lock                          
20000e9c  _unlock                        
20000ea0  main_func_sp                   
ffffffff  __TI_pprof_out_hndl            
ffffffff  __TI_prof_data_size            
ffffffff  __TI_prof_data_start           
ffffffff  __binit__                      
ffffffff  __c_args__                     
ffffffff  binit                          
UNDEFED   SHT$$INIT_ARRAY$$Base          
UNDEFED   SHT$$INIT_ARRAY$$Limit         

[112 symbols]
