******************************************************************************
                  TI ARM Linker PC v16.9.6                     
******************************************************************************
>> Linked Wed Jun 13 12:27:40 2018

OUTPUT FILE NAME:   <lab4.out>
ENTRY POINT SYMBOL: "_c_int00"  address: 000027c9


MEMORY CONFIGURATION

         name            origin    length      used     unused   attr    fill
----------------------  --------  ---------  --------  --------  ----  --------
  FLASH                 00000000   00040000  00002c63  0003d39d  R  X
  SRAM                  20000000   00008000  000006ee  00007912  RW X


SEGMENT ALLOCATION MAP

run origin  load origin   length   init length attrs members
----------  ----------- ---------- ----------- ----- -------
00000000    00000000    00002c68   00002c68    r-x
  00000000    00000000    0000026c   0000026c    r-- .intvecs
  0000026c    0000026c    000028a6   000028a6    r-x .text
  00002b12    00002b12    00000109   00000109    r-- .const
  00002c20    00002c20    00000048   00000048    r-- .cinit
20000000    20000000    000006f1   00000000    rw-
  20000000    20000000    0000026c   00000000    rw- .vtable
  2000026c    2000026c    00000400   00000000    rw- .stack
  2000066c    2000066c    00000055   00000000    rw- .bss
  200006c4    200006c4    0000002d   00000000    rw- .data


SECTION ALLOCATION MAP

 output                                  attributes/
section   page    origin      length       input sections
--------  ----  ----------  ----------   ----------------
.intvecs   0    00000000    0000026c     
                  00000000    0000026c     tm4c123gh6pm_startup_ccs.obj (.intvecs)

.text      0    0000026c    000028a6     
                  0000026c    0000113e     rtsv7M4_T_le_v4SPD16_eabi.lib : _printfi.obj (.text)
                  000013aa    00000002                                   : mpu_init.obj (.text)
                  000013ac    000003e8     clock_intr.obj (.text)
                  00001794    00000328     lcd_stepper.obj (.text)
                  00001abc    000001f4     rtsv7M4_T_le_v4SPD16_eabi.lib : ull_div_t2.obj (.text)
                  00001cb0    000001b6                                   : fd_add_t2.obj (.text)
                  00001e66    00000002                                   : startup.obj (.text)
                  00001e68    00000158     timer.obj (.text)
                  00001fc0    00000136     rtsv7M4_T_le_v4SPD16_eabi.lib : fd_div_t2.obj (.text)
                  000020f6    000000fc                                   : fd_mul_t2.obj (.text)
                  000021f2    00000002     --HOLE-- [fill = 0]
                  000021f4    000000fc                                   : s_scalbn.obj (.text)
                  000022f0    000000f0     button.obj (.text)
                  000023e0    0000009c     rtsv7M4_T_le_v4SPD16_eabi.lib : memcpy_t2.obj (.text)
                  0000247c    00000088                                   : vsnprintf.obj (.text)
                  00002504    00000086                                   : fd_cmp_t2.obj (.text:__aeabi_cdcmple)
                  0000258a    00000086                                   : fd_cmp_t2.obj (.text:__aeabi_cdrcmple)
                  00002610    0000007a                                   : memset_t2.obj (.text)
                  0000268a    00000002     --HOLE-- [fill = 0]
                  0000268c    00000070                                   : autoinit.obj (.text)
                  000026fc    00000068                                   : copy_decompress_lzss.obj (.text:decompress:lzss)
                  00002764    00000064                                   : s_frexp.obj (.text)
                  000027c8    00000054                                   : boot.obj (.text)
                  0000281c    00000054                                   : exit.obj (.text)
                  00002870    00000054                                   : ltoa.obj (.text)
                  000028c4    0000004c                                   : atoi.obj (.text)
                  00002910    0000004c                                   : cpy_tbl.obj (.text)
                  0000295c    00000048                                   : fd_toi_t2.obj (.text)
                  000029a4    00000034     driverlib.lib : interrupt.obj (.text:IntRegister)
                  000029d8    0000002e     rtsv7M4_T_le_v4SPD16_eabi.lib : i_tofd_t2.obj (.text)
                  00002a06    0000001c                                   : memccpy.obj (.text)
                  00002a22    00000002     --HOLE-- [fill = 0]
                  00002a24    00000018                                   : args_main.obj (.text)
                  00002a3c    00000018                                   : strcmp.obj (.text)
                  00002a54    00000016                                   : strchr.obj (.text)
                  00002a6a    00000002     --HOLE-- [fill = 0]
                  00002a6c    00000014                                   : _lock.obj (.text)
                  00002a80    00000014                                   : s_copysign.obj (.text)
                  00002a94    00000014                                   : strcpy.obj (.text)
                  00002aa8    00000014                                   : strlen.obj (.text)
                  00002abc    00000010     driverlib.lib : interrupt.obj (.text:IntMasterEnable)
                  00002acc    00000010     lcd_stepper.obj (.text:lcd_clear)
                  00002adc    0000000e     rtsv7M4_T_le_v4SPD16_eabi.lib : copy_decompress_none.obj (.text:decompress:none)
                  00002aea    0000000c     driverlib.lib : cpu.obj (.text:CPUcpsie)
                  00002af6    0000000c     rtsv7M4_T_le_v4SPD16_eabi.lib : copy_zero_init.obj (.text:decompress:ZI)
                  00002b02    0000000c     tm4c123gh6pm_startup_ccs.obj (.text)
                  00002b0e    00000004     rtsv7M4_T_le_v4SPD16_eabi.lib : pre_init.obj (.text)

.const     0    00002b12    00000109     
                  00002b12    00000101     rtsv7M4_T_le_v4SPD16_eabi.lib : ctype.obj (.const:.string:_ctypes_)
                  00002c13    00000004     lcd_stepper.obj (.const:.string:lineAddress$1)
                  00002c17    00000004     lcd_stepper.obj (.const:.string:lineAddresses$2)

.cinit     0    00002c20    00000048     
                  00002c20    00000012     (.cinit..data.load) [load image, compression = lzss]
                  00002c32    00000002     --HOLE-- [fill = 0]
                  00002c34    0000000c     (__TI_handler_table)
                  00002c40    00000008     (.cinit..bss.load) [load image, compression = zero_init]
                  00002c48    00000008     (.cinit..vtable.load) [load image, compression = zero_init]
                  00002c50    00000018     (__TI_cinit_table)

.init_array 
*          0    00000000    00000000     UNINITIALIZED

.vtable    0    20000000    0000026c     UNINITIALIZED
                  20000000    0000026c     driverlib.lib : interrupt.obj (.vtable)

.stack     0    2000026c    00000400     UNINITIALIZED
                  2000026c    00000400     --HOLE--

.bss       0    2000066c    00000055     UNINITIALIZED
                  2000066c    00000054     lcd_stepper.obj (.bss:lastbuffer$3)
                  200006c0    00000001     (.common:_prevButton)

.data      0    200006c4    0000002d     UNINITIALIZED
                  200006c4    00000010     clock_intr.obj (.data)
                  200006d4    0000000c     rtsv7M4_T_le_v4SPD16_eabi.lib : exit.obj (.data:$O1$$)
                  200006e0    00000008                                   : _lock.obj (.data:$O1$$)
                  200006e8    00000004                                   : errno.obj (.data)
                  200006ec    00000004                                   : stkdepth_vars.obj (.data)
                  200006f0    00000001     button.obj (.data)

MODULE SUMMARY

       Module                         code    ro data   rw data
       ------                         ----    -------   -------
    .\
       clock_intr.obj                 1000    0         16     
       lcd_stepper.obj                824     8         84     
       tm4c123gh6pm_startup_ccs.obj   12      620       0      
       timer.obj                      344     0         0      
       button.obj                     240     0         2      
    +--+------------------------------+-------+---------+---------+
       Total:                         2420    628       102    
                                                               
    C:/ti/TivaWare_C_Series-2.1.2.111/driverlib/ccs/Debug/driverlib.lib
       interrupt.obj                  68      0         620    
       cpu.obj                        12      0         0      
    +--+------------------------------+-------+---------+---------+
       Total:                         80      0         620    
                                                               
    C:\ti\ccsv7\tools\compiler\ti-cgt-arm_16.9.6.LTS\lib\rtsv7M4_T_le_v4SPD16_eabi.lib
       _printfi.obj                   4414    0         0      
       ull_div_t2.obj                 500     0         0      
       fd_add_t2.obj                  438     0         0      
       fd_div_t2.obj                  310     0         0      
       fd_cmp_t2.obj                  268     0         0      
       ctype.obj                      0       257       0      
       fd_mul_t2.obj                  252     0         0      
       s_scalbn.obj                   252     0         0      
       memcpy_t2.obj                  156     0         0      
       vsnprintf.obj                  136     0         0      
       memset_t2.obj                  122     0         0      
       autoinit.obj                   112     0         0      
       copy_decompress_lzss.obj       104     0         0      
       s_frexp.obj                    100     0         0      
       exit.obj                       84      0         12     
       boot.obj                       84      0         0      
       ltoa.obj                       84      0         0      
       atoi.obj                       76      0         0      
       cpy_tbl.obj                    76      0         0      
       fd_toi_t2.obj                  72      0         0      
       i_tofd_t2.obj                  46      0         0      
       _lock.obj                      20      0         8      
       memccpy.obj                    28      0         0      
       args_main.obj                  24      0         0      
       strcmp.obj                     24      0         0      
       strchr.obj                     22      0         0      
       s_copysign.obj                 20      0         0      
       strcpy.obj                     20      0         0      
       strlen.obj                     20      0         0      
       copy_decompress_none.obj       14      0         0      
       copy_zero_init.obj             12      0         0      
       errno.obj                      0       0         4      
       pre_init.obj                   4       0         0      
       stkdepth_vars.obj              0       0         4      
       mpu_init.obj                   2       0         0      
       startup.obj                    2       0         0      
    +--+------------------------------+-------+---------+---------+
       Total:                         7898    257       28     
                                                               
       Stack:                         0       0         1024   
       Linker Generated:              0       70        0      
    +--+------------------------------+-------+---------+---------+
       Grand Total:                   10398   955       1774   


LINKER GENERATED COPY TABLES

__TI_cinit_table @ 00002c50 records: 3, size/record: 8, table size: 24
	.data: load addr=00002c20, load size=00000012 bytes, run addr=200006c4, run size=0000002d bytes, compression=lzss
	.bss: load addr=00002c40, load size=00000008 bytes, run addr=2000066c, run size=00000055 bytes, compression=zero_init
	.vtable: load addr=00002c48, load size=00000008 bytes, run addr=20000000, run size=0000026c bytes, compression=zero_init


LINKER GENERATED HANDLER TABLE

__TI_handler_table @ 00002c34 records: 3, size/record: 4, table size: 12
	index: 0, handler: __TI_zero_init
	index: 1, handler: __TI_decompress_lzss
	index: 2, handler: __TI_decompress_none


GLOBAL SYMBOLS: SORTED ALPHABETICALLY BY Name 

address   name                           
-------   ----                           
0000281d  C$$EXIT                        
00002aeb  CPUcpsie                       
00002abd  IntMasterEnable                
000029a5  IntRegister                    
00002b03  ResetISR                       
UNDEFED   SHT$$INIT_ARRAY$$Base          
UNDEFED   SHT$$INIT_ARRAY$$Limit         
000013ad  TIMER4A_Handler                
00001403  TIMER4B_Handler                
0000154d  TimerPartOne                   
2000066c  __STACK_END                    
00000400  __STACK_SIZE                   
2000046c  __STACK_TOP                    
00002c50  __TI_CINIT_Base                
00002c68  __TI_CINIT_Limit               
00002c34  __TI_Handler_Table_Base        
00002c40  __TI_Handler_Table_Limit       
0000268d  __TI_auto_init                 
200006d4  __TI_cleanup_ptr               
000026fd  __TI_decompress_lzss           
00002add  __TI_decompress_none           
200006d8  __TI_dtors_ptr                 
200006dc  __TI_enable_exit_profile_output
ffffffff  __TI_pprof_out_hndl            
00000ab1  __TI_printfi                   
ffffffff  __TI_prof_data_size            
ffffffff  __TI_prof_data_start           
00000000  __TI_static_base__             
00002af7  __TI_zero_init                 
00002505  __aeabi_cdcmpeq                
00002505  __aeabi_cdcmple                
0000258b  __aeabi_cdrcmple               
0000295d  __aeabi_d2iz                   
00001cbb  __aeabi_dadd                   
00001fc1  __aeabi_ddiv                   
000020f7  __aeabi_dmul                   
00001cb1  __aeabi_dsub                   
000029d9  __aeabi_i2d                    
00002611  __aeabi_memclr                 
00002611  __aeabi_memclr4                
00002611  __aeabi_memclr8                
000023e1  __aeabi_memcpy                 
000023e1  __aeabi_memcpy4                
000023e1  __aeabi_memcpy8                
00002613  __aeabi_memset                 
00002613  __aeabi_memset4                
00002613  __aeabi_memset8                
00001abd  __aeabi_uldivmod               
ffffffff  __binit__                      
ffffffff  __c_args__                     
000013ab  __mpu_init                     
2000026c  __stack                        
00002a25  _args_main                     
000027c9  _c_int00                       
00002b12  _ctypes_                       
200006e0  _lock                          
00002a7b  _nop                           
200006c0  _prevButton                    
00002a73  _register_lock                 
00002a6d  _register_unlock               
00001e67  _system_post_cinit             
00002b0f  _system_pre_init               
200006e4  _unlock                        
00002821  abort                          
000028c5  atoi                           
ffffffff  binit                          
0000231d  button_checkButtons            
00002327  button_getButton               
00002373  button_getButtonBlocking       
00002387  button_getButtonChange         
000023b1  button_getButtonChangeBlocking 
000022f1  button_init                    
000014bf  clock_timer_init               
00002911  copy_in                        
00002a81  copysign                       
00002a81  copysignl                      
200006d0  count                          
200006e8  errno                          
00002829  exit                           
00002765  frexp                          
00002765  frexpl                         
20000000  g_pfnRAMVectors                
00000000  g_pfnVectors                   
200006c4  hour                           
00002acd  lcd_clear                      
00001969  lcd_gotoLine                   
000017d1  lcd_init                       
000019cf  lcd_printf                     
00001891  lcd_putc                       
000018c9  lcd_puts                       
00001795  lcd_reverseNibble              
000018e7  lcd_sendCommand                
00001925  lcd_sendNibble                 
00001991  lcd_setCursorPos               
000021f5  ldexp                          
000021f5  ldexpl                         
00002871  ltoa                           
0000171b  main                           
200006ec  main_func_sp                   
00002a07  memccpy                        
000023e1  memcpy                         
00002619  memset                         
200006c8  min                            
000021f5  scalbn                         
000021f5  scalbnl                        
200006cc  sec                            
00002a55  strchr                         
00002a3d  strcmp                         
00002a95  strcpy                         
00002aa9  strlen                         
00001f79  timer_getClock                 
00001f2d  timer_startClock               
00001ec7  timer_startTimer               
00001f7f  timer_stopClock                
00001f17  timer_stopTimer                
00001e9d  timer_waitMicros               
00001e69  timer_waitMillis               
0000247d  vsnprintf                      


GLOBAL SYMBOLS: SORTED BY Symbol Address 

address   name                           
-------   ----                           
00000000  __TI_static_base__             
00000000  g_pfnVectors                   
00000400  __STACK_SIZE                   
00000ab1  __TI_printfi                   
000013ab  __mpu_init                     
000013ad  TIMER4A_Handler                
00001403  TIMER4B_Handler                
000014bf  clock_timer_init               
0000154d  TimerPartOne                   
0000171b  main                           
00001795  lcd_reverseNibble              
000017d1  lcd_init                       
00001891  lcd_putc                       
000018c9  lcd_puts                       
000018e7  lcd_sendCommand                
00001925  lcd_sendNibble                 
00001969  lcd_gotoLine                   
00001991  lcd_setCursorPos               
000019cf  lcd_printf                     
00001abd  __aeabi_uldivmod               
00001cb1  __aeabi_dsub                   
00001cbb  __aeabi_dadd                   
00001e67  _system_post_cinit             
00001e69  timer_waitMillis               
00001e9d  timer_waitMicros               
00001ec7  timer_startTimer               
00001f17  timer_stopTimer                
00001f2d  timer_startClock               
00001f79  timer_getClock                 
00001f7f  timer_stopClock                
00001fc1  __aeabi_ddiv                   
000020f7  __aeabi_dmul                   
000021f5  ldexp                          
000021f5  ldexpl                         
000021f5  scalbn                         
000021f5  scalbnl                        
000022f1  button_init                    
0000231d  button_checkButtons            
00002327  button_getButton               
00002373  button_getButtonBlocking       
00002387  button_getButtonChange         
000023b1  button_getButtonChangeBlocking 
000023e1  __aeabi_memcpy                 
000023e1  __aeabi_memcpy4                
000023e1  __aeabi_memcpy8                
000023e1  memcpy                         
0000247d  vsnprintf                      
00002505  __aeabi_cdcmpeq                
00002505  __aeabi_cdcmple                
0000258b  __aeabi_cdrcmple               
00002611  __aeabi_memclr                 
00002611  __aeabi_memclr4                
00002611  __aeabi_memclr8                
00002613  __aeabi_memset                 
00002613  __aeabi_memset4                
00002613  __aeabi_memset8                
00002619  memset                         
0000268d  __TI_auto_init                 
000026fd  __TI_decompress_lzss           
00002765  frexp                          
00002765  frexpl                         
000027c9  _c_int00                       
0000281d  C$$EXIT                        
00002821  abort                          
00002829  exit                           
00002871  ltoa                           
000028c5  atoi                           
00002911  copy_in                        
0000295d  __aeabi_d2iz                   
000029a5  IntRegister                    
000029d9  __aeabi_i2d                    
00002a07  memccpy                        
00002a25  _args_main                     
00002a3d  strcmp                         
00002a55  strchr                         
00002a6d  _register_unlock               
00002a73  _register_lock                 
00002a7b  _nop                           
00002a81  copysign                       
00002a81  copysignl                      
00002a95  strcpy                         
00002aa9  strlen                         
00002abd  IntMasterEnable                
00002acd  lcd_clear                      
00002add  __TI_decompress_none           
00002aeb  CPUcpsie                       
00002af7  __TI_zero_init                 
00002b03  ResetISR                       
00002b0f  _system_pre_init               
00002b12  _ctypes_                       
00002c34  __TI_Handler_Table_Base        
00002c40  __TI_Handler_Table_Limit       
00002c50  __TI_CINIT_Base                
00002c68  __TI_CINIT_Limit               
20000000  g_pfnRAMVectors                
2000026c  __stack                        
2000046c  __STACK_TOP                    
2000066c  __STACK_END                    
200006c0  _prevButton                    
200006c4  hour                           
200006c8  min                            
200006cc  sec                            
200006d0  count                          
200006d4  __TI_cleanup_ptr               
200006d8  __TI_dtors_ptr                 
200006dc  __TI_enable_exit_profile_output
200006e0  _lock                          
200006e4  _unlock                        
200006e8  errno                          
200006ec  main_func_sp                   
ffffffff  __TI_pprof_out_hndl            
ffffffff  __TI_prof_data_size            
ffffffff  __TI_prof_data_start           
ffffffff  __binit__                      
ffffffff  __c_args__                     
ffffffff  binit                          
UNDEFED   SHT$$INIT_ARRAY$$Base          
UNDEFED   SHT$$INIT_ARRAY$$Limit         

[118 symbols]
