******************************************************************************
                  TI ARM Linker PC v16.9.6                     
******************************************************************************
>> Linked Tue Jun 26 23:38:11 2018

OUTPUT FILE NAME:   <lab6.out>
ENTRY POINT SYMBOL: "_c_int00"  address: 000024d5


MEMORY CONFIGURATION

         name            origin    length      used     unused   attr    fill
----------------------  --------  ---------  --------  --------  ----  --------
  FLASH                 00000000   00040000  00002a46  0003d5ba  R  X
  SRAM                  20000000   00008000  00001070  00006f90  RW X


SEGMENT ALLOCATION MAP

run origin  load origin   length   init length attrs members
----------  ----------- ---------- ----------- ----- -------
00000000    00000000    00002a48   00002a48    r-x
  00000000    00000000    0000026c   0000026c    r-- .intvecs
  0000026c    0000026c    0000259a   0000259a    r-x .text
  00002808    00002808    00000208   00000208    r-- .const
  00002a10    00002a10    00000038   00000038    r-- .cinit
20000000    20000000    00001070   00000000    rw-
  20000000    20000000    00001000   00000000    rw- .stack
  20001000    20001000    00000054   00000000    rw- .bss
  20001054    20001054    0000001c   00000000    rw- .data


SECTION ALLOCATION MAP

 output                                  attributes/
section   page    origin      length       input sections
--------  ----  ----------  ----------   ----------------
.intvecs   0    00000000    0000026c     
                  00000000    0000026c     tm4c123gh6pm_startup_ccs.obj (.intvecs)

.text      0    0000026c    0000259a     
                  0000026c    0000113e     rtsv7M4_T_le_v4SPD16_eabi.lib : _printfi.obj (.text)
                  000013aa    00000002                                   : mpu_init.obj (.text)
                  000013ac    000002ec     lcd.obj (.text)
                  00001698    00000220     main.obj (.text)
                  000018b8    000001f4     rtsv7M4_T_le_v4SPD16_eabi.lib : ull_div_t2.obj (.text)
                  00001aac    000001b6                                   : fd_add_t2.obj (.text)
                  00001c62    00000002                                   : startup.obj (.text)
                  00001c64    00000158     Timer.obj (.text)
                  00001dbc    00000136     rtsv7M4_T_le_v4SPD16_eabi.lib : fd_div_t2.obj (.text)
                  00001ef2    000000fc                                   : fd_mul_t2.obj (.text)
                  00001fee    00000002     --HOLE-- [fill = 0]
                  00001ff0    000000fc                                   : s_scalbn.obj (.text)
                  000020ec    0000009c                                   : memcpy_t2.obj (.text)
                  00002188    00000088                                   : vsnprintf.obj (.text)
                  00002210    00000086                                   : fd_cmp_t2.obj (.text:__aeabi_cdcmple)
                  00002296    00000086                                   : fd_cmp_t2.obj (.text:__aeabi_cdrcmple)
                  0000231c    0000007a                                   : memset_t2.obj (.text)
                  00002396    00000002     --HOLE-- [fill = 0]
                  00002398    00000070                                   : autoinit.obj (.text)
                  00002408    00000068                                   : copy_decompress_lzss.obj (.text:decompress:lzss)
                  00002470    00000064                                   : s_frexp.obj (.text)
                  000024d4    00000054                                   : boot.obj (.text)
                  00002528    00000054                                   : exit.obj (.text)
                  0000257c    00000054                                   : ltoa.obj (.text)
                  000025d0    0000004c                                   : atoi.obj (.text)
                  0000261c    0000004c                                   : cpy_tbl.obj (.text)
                  00002668    00000048                                   : fd_toi_t2.obj (.text)
                  000026b0    00000038                                   : fs_tod_t2.obj (.text)
                  000026e8    0000002e                                   : i_tofd_t2.obj (.text)
                  00002716    0000001c                                   : memccpy.obj (.text)
                  00002732    00000002     --HOLE-- [fill = 0]
                  00002734    00000018                                   : args_main.obj (.text)
                  0000274c    00000018                                   : strcmp.obj (.text)
                  00002764    00000016                                   : strchr.obj (.text)
                  0000277a    00000002     --HOLE-- [fill = 0]
                  0000277c    00000014                                   : _lock.obj (.text)
                  00002790    00000014                                   : s_copysign.obj (.text)
                  000027a4    00000014                                   : strcpy.obj (.text)
                  000027b8    00000014                                   : strlen.obj (.text)
                  000027cc    00000010     lcd.obj (.text:lcd_clear)
                  000027dc    0000000e     rtsv7M4_T_le_v4SPD16_eabi.lib : copy_decompress_none.obj (.text:decompress:none)
                  000027ea    0000000c                                   : copy_zero_init.obj (.text:decompress:ZI)
                  000027f6    0000000c     tm4c123gh6pm_startup_ccs.obj (.text)
                  00002802    00000004     rtsv7M4_T_le_v4SPD16_eabi.lib : pre_init.obj (.text)

.const     0    00002808    00000208     
                  00002808    00000101     rtsv7M4_T_le_v4SPD16_eabi.lib : ctype.obj (.const:.string:_ctypes_)
                  00002909    00000003     --HOLE-- [fill = 0]
                  0000290c    000000fc     main.obj (.const:$P$T0$1)
                  00002a08    00000004     lcd.obj (.const:.string:lineAddress$1)
                  00002a0c    00000004     lcd.obj (.const:.string:lineAddresses$2)

.cinit     0    00002a10    00000038     
                  00002a10    00000011     (.cinit..data.load) [load image, compression = lzss]
                  00002a21    00000003     --HOLE-- [fill = 0]
                  00002a24    0000000c     (__TI_handler_table)
                  00002a30    00000008     (.cinit..bss.load) [load image, compression = zero_init]
                  00002a38    00000010     (__TI_cinit_table)

.init_array 
*          0    00000000    00000000     UNINITIALIZED

.stack     0    20000000    00001000     UNINITIALIZED
                  20000000    00001000     --HOLE--

.bss       0    20001000    00000054     UNINITIALIZED
                  20001000    00000054     lcd.obj (.bss:lastbuffer$3)

.data      0    20001054    0000001c     UNINITIALIZED
                  20001054    0000000c     rtsv7M4_T_le_v4SPD16_eabi.lib : exit.obj (.data:$O1$$)
                  20001060    00000008                                   : _lock.obj (.data:$O1$$)
                  20001068    00000004                                   : errno.obj (.data)
                  2000106c    00000004                                   : stkdepth_vars.obj (.data)

MODULE SUMMARY

       Module                         code   ro data   rw data
       ------                         ----   -------   -------
    .\
       lcd.obj                        764    8         84     
       main.obj                       544    252       0      
       tm4c123gh6pm_startup_ccs.obj   12     620       0      
       Timer.obj                      344    0         0      
    +--+------------------------------+------+---------+---------+
       Total:                         1664   880       84     
                                                              
    C:\ti\ccsv7\tools\compiler\ti-cgt-arm_16.9.6.LTS\lib\rtsv7M4_T_le_v4SPD16_eabi.lib
       _printfi.obj                   4414   0         0      
       ull_div_t2.obj                 500    0         0      
       fd_add_t2.obj                  438    0         0      
       fd_div_t2.obj                  310    0         0      
       fd_cmp_t2.obj                  268    0         0      
       ctype.obj                      0      257       0      
       fd_mul_t2.obj                  252    0         0      
       s_scalbn.obj                   252    0         0      
       memcpy_t2.obj                  156    0         0      
       vsnprintf.obj                  136    0         0      
       memset_t2.obj                  122    0         0      
       autoinit.obj                   112    0         0      
       copy_decompress_lzss.obj       104    0         0      
       s_frexp.obj                    100    0         0      
       exit.obj                       84     0         12     
       boot.obj                       84     0         0      
       ltoa.obj                       84     0         0      
       atoi.obj                       76     0         0      
       cpy_tbl.obj                    76     0         0      
       fd_toi_t2.obj                  72     0         0      
       fs_tod_t2.obj                  56     0         0      
       i_tofd_t2.obj                  46     0         0      
       _lock.obj                      20     0         8      
       memccpy.obj                    28     0         0      
       args_main.obj                  24     0         0      
       strcmp.obj                     24     0         0      
       strchr.obj                     22     0         0      
       s_copysign.obj                 20     0         0      
       strcpy.obj                     20     0         0      
       strlen.obj                     20     0         0      
       copy_decompress_none.obj       14     0         0      
       copy_zero_init.obj             12     0         0      
       errno.obj                      0      0         4      
       pre_init.obj                   4      0         0      
       stkdepth_vars.obj              0      0         4      
       mpu_init.obj                   2      0         0      
       startup.obj                    2      0         0      
    +--+------------------------------+------+---------+---------+
       Total:                         7954   257       28     
                                                              
       Stack:                         0      0         4096   
       Linker Generated:              0      53        0      
    +--+------------------------------+------+---------+---------+
       Grand Total:                   9618   1190      4208   


LINKER GENERATED COPY TABLES

__TI_cinit_table @ 00002a38 records: 2, size/record: 8, table size: 16
	.data: load addr=00002a10, load size=00000011 bytes, run addr=20001054, run size=0000001c bytes, compression=lzss
	.bss: load addr=00002a30, load size=00000008 bytes, run addr=20001000, run size=00000054 bytes, compression=zero_init


LINKER GENERATED HANDLER TABLE

__TI_handler_table @ 00002a24 records: 3, size/record: 4, table size: 12
	index: 0, handler: __TI_decompress_lzss
	index: 1, handler: __TI_decompress_none
	index: 2, handler: __TI_zero_init


GLOBAL SYMBOLS: SORTED ALPHABETICALLY BY Name 

address   name                           
-------   ----                           
00002529  C$$EXIT                        
00001723  Polling_ADC                    
000027f7  ResetISR                       
UNDEFED   SHT$$INIT_ARRAY$$Base          
UNDEFED   SHT$$INIT_ARRAY$$Limit         
20001000  __STACK_END                    
00001000  __STACK_SIZE                   
20000200  __STACK_TOP                    
00002a38  __TI_CINIT_Base                
00002a48  __TI_CINIT_Limit               
00002a24  __TI_Handler_Table_Base        
00002a30  __TI_Handler_Table_Limit       
00002399  __TI_auto_init                 
20001054  __TI_cleanup_ptr               
00002409  __TI_decompress_lzss           
000027dd  __TI_decompress_none           
20001058  __TI_dtors_ptr                 
2000105c  __TI_enable_exit_profile_output
ffffffff  __TI_pprof_out_hndl            
00000ab1  __TI_printfi                   
ffffffff  __TI_prof_data_size            
ffffffff  __TI_prof_data_start           
00000000  __TI_static_base__             
000027eb  __TI_zero_init                 
00002211  __aeabi_cdcmpeq                
00002211  __aeabi_cdcmple                
00002297  __aeabi_cdrcmple               
00002669  __aeabi_d2iz                   
00001ab7  __aeabi_dadd                   
00001dbd  __aeabi_ddiv                   
00001ef3  __aeabi_dmul                   
00001aad  __aeabi_dsub                   
000026b1  __aeabi_f2d                    
000026e9  __aeabi_i2d                    
0000231d  __aeabi_memclr                 
0000231d  __aeabi_memclr4                
0000231d  __aeabi_memclr8                
000020ed  __aeabi_memcpy                 
000020ed  __aeabi_memcpy4                
000020ed  __aeabi_memcpy8                
0000231f  __aeabi_memset                 
0000231f  __aeabi_memset4                
0000231f  __aeabi_memset8                
000018b9  __aeabi_uldivmod               
ffffffff  __binit__                      
ffffffff  __c_args__                     
000013ab  __mpu_init                     
20000000  __stack                        
00002735  _args_main                     
000024d5  _c_int00                       
00002808  _ctypes_                       
20001060  _lock                          
0000278b  _nop                           
00002783  _register_lock                 
0000277d  _register_unlock               
00001c63  _system_post_cinit             
00002803  _system_pre_init               
20001064  _unlock                        
0000252d  abort                          
000025d1  atoi                           
ffffffff  binit                          
0000261d  copy_in                        
00002791  copysign                       
00002791  copysignl                      
20001068  errno                          
00002535  exit                           
00002471  frexp                          
00002471  frexpl                         
00000000  g_pfnVectors                   
0000174b  getDistance2                   
00001699  init_ADC                       
000027cd  lcd_clear                      
00001545  lcd_gotoLine                   
000013ad  lcd_init                       
000015ab  lcd_printf                     
0000146d  lcd_putc                       
000014a5  lcd_puts                       
000014c3  lcd_sendCommand                
00001501  lcd_sendNibble                 
0000156d  lcd_setCursorPos               
00001ff1  ldexp                          
00001ff1  ldexpl                         
0000257d  ltoa                           
00001823  main                           
2000106c  main_func_sp                   
00002717  memccpy                        
000020ed  memcpy                         
00002325  memset                         
00001ff1  scalbn                         
00001ff1  scalbnl                        
00002765  strchr                         
0000274d  strcmp                         
000027a5  strcpy                         
000027b9  strlen                         
00001d75  timer_getClock                 
00001d29  timer_startClock               
00001cc3  timer_startTimer               
00001d7b  timer_stopClock                
00001d13  timer_stopTimer                
00001c99  timer_waitMicros               
00001c65  timer_waitMillis               
00002189  vsnprintf                      


GLOBAL SYMBOLS: SORTED BY Symbol Address 

address   name                           
-------   ----                           
00000000  __TI_static_base__             
00000000  g_pfnVectors                   
00000ab1  __TI_printfi                   
00001000  __STACK_SIZE                   
000013ab  __mpu_init                     
000013ad  lcd_init                       
0000146d  lcd_putc                       
000014a5  lcd_puts                       
000014c3  lcd_sendCommand                
00001501  lcd_sendNibble                 
00001545  lcd_gotoLine                   
0000156d  lcd_setCursorPos               
000015ab  lcd_printf                     
00001699  init_ADC                       
00001723  Polling_ADC                    
0000174b  getDistance2                   
00001823  main                           
000018b9  __aeabi_uldivmod               
00001aad  __aeabi_dsub                   
00001ab7  __aeabi_dadd                   
00001c63  _system_post_cinit             
00001c65  timer_waitMillis               
00001c99  timer_waitMicros               
00001cc3  timer_startTimer               
00001d13  timer_stopTimer                
00001d29  timer_startClock               
00001d75  timer_getClock                 
00001d7b  timer_stopClock                
00001dbd  __aeabi_ddiv                   
00001ef3  __aeabi_dmul                   
00001ff1  ldexp                          
00001ff1  ldexpl                         
00001ff1  scalbn                         
00001ff1  scalbnl                        
000020ed  __aeabi_memcpy                 
000020ed  __aeabi_memcpy4                
000020ed  __aeabi_memcpy8                
000020ed  memcpy                         
00002189  vsnprintf                      
00002211  __aeabi_cdcmpeq                
00002211  __aeabi_cdcmple                
00002297  __aeabi_cdrcmple               
0000231d  __aeabi_memclr                 
0000231d  __aeabi_memclr4                
0000231d  __aeabi_memclr8                
0000231f  __aeabi_memset                 
0000231f  __aeabi_memset4                
0000231f  __aeabi_memset8                
00002325  memset                         
00002399  __TI_auto_init                 
00002409  __TI_decompress_lzss           
00002471  frexp                          
00002471  frexpl                         
000024d5  _c_int00                       
00002529  C$$EXIT                        
0000252d  abort                          
00002535  exit                           
0000257d  ltoa                           
000025d1  atoi                           
0000261d  copy_in                        
00002669  __aeabi_d2iz                   
000026b1  __aeabi_f2d                    
000026e9  __aeabi_i2d                    
00002717  memccpy                        
00002735  _args_main                     
0000274d  strcmp                         
00002765  strchr                         
0000277d  _register_unlock               
00002783  _register_lock                 
0000278b  _nop                           
00002791  copysign                       
00002791  copysignl                      
000027a5  strcpy                         
000027b9  strlen                         
000027cd  lcd_clear                      
000027dd  __TI_decompress_none           
000027eb  __TI_zero_init                 
000027f7  ResetISR                       
00002803  _system_pre_init               
00002808  _ctypes_                       
00002a24  __TI_Handler_Table_Base        
00002a30  __TI_Handler_Table_Limit       
00002a38  __TI_CINIT_Base                
00002a48  __TI_CINIT_Limit               
20000000  __stack                        
20000200  __STACK_TOP                    
20001000  __STACK_END                    
20001054  __TI_cleanup_ptr               
20001058  __TI_dtors_ptr                 
2000105c  __TI_enable_exit_profile_output
20001060  _lock                          
20001064  _unlock                        
20001068  errno                          
2000106c  main_func_sp                   
ffffffff  __TI_pprof_out_hndl            
ffffffff  __TI_prof_data_size            
ffffffff  __TI_prof_data_start           
ffffffff  __binit__                      
ffffffff  __c_args__                     
ffffffff  binit                          
UNDEFED   SHT$$INIT_ARRAY$$Base          
UNDEFED   SHT$$INIT_ARRAY$$Limit         

[102 symbols]
